[themezhub.net/skillup-live/skillup/home-6.html]
[backblue.gif]
[fade.gif]
[index.html]
[themezhub.net/skillup-live/skillup/assets/img/logo.png]
[themezhub.net/skillup-live/skillup/assets/css/styles.css]
[themezhub.net/skillup-live/skillup/assets/img/cr-1.jpg]
[themezhub.net/skillup-live/skillup/assets/img/cr-3.jpg]
[themezhub.net/skillup-live/skillup/assets/img/cr-4.jpg]
[themezhub.net/skillup-live/skillup/assets/img/cr-5.jpg]
[themezhub.net/skillup-live/skillup/index.html]
[themezhub.net/skillup-live/skillup/home-2.html]
[themezhub.net/skillup-live/skillup/home-3.html]
[themezhub.net/skillup-live/skillup/home-4.html]
[themezhub.net/skillup-live/skillup/home-5.html]
[themezhub.net/skillup-live/skillup/home-7.html]
[themezhub.net/skillup-live/skillup/grid-layout-with-sidebar.html]
[themezhub.net/skillup-live/skillup/grid-layout-with-sidebar-2.html]
[themezhub.net/skillup-live/skillup/grid-layout-with-sidebar-3.html]
[themezhub.net/skillup-live/skillup/grid-layout-with-sidebar-4.html]
[themezhub.net/skillup-live/skillup/grid-layout-with-sidebar-5.html]
[themezhub.net/skillup-live/skillup/grid-layout-full.html]
[themezhub.net/skillup-live/skillup/grid-layout-full-2.html]
[themezhub.net/skillup-live/skillup/grid-layout-full-3.html]
[themezhub.net/skillup-live/skillup/list-layout-with-sidebar.html]
[themezhub.net/skillup-live/skillup/list-layout-with-full.html]
[themezhub.net/skillup-live/skillup/course-detail.html]
[themezhub.net/skillup-live/skillup/course-detail-2.html]
[themezhub.net/skillup-live/skillup/course-detail-3.html]
[themezhub.net/skillup-live/skillup/course-detail-4.html]
[themezhub.net/skillup-live/skillup/explore-category.html]
[themezhub.net/skillup-live/skillup/find-instructor.html]
[themezhub.net/skillup-live/skillup/instructor-detail.html]
[themezhub.net/skillup-live/skillup/shop-with-sidebar.html]
[themezhub.net/skillup-live/skillup/shop-with-right-sidebar.html]
[themezhub.net/skillup-live/skillup/list-shop-with-sidebar.html]
[themezhub.net/skillup-live/skillup/wishlist.html]
[themezhub.net/skillup-live/skillup/checkout.html]
[themezhub.net/skillup-live/skillup/product-detail.html]
[themezhub.net/skillup-live/skillup/about.html]
[themezhub.net/skillup-live/skillup/contact.html]
[themezhub.net/skillup-live/skillup/blogs.html]
[themezhub.net/skillup-live/skillup/pricing.html]
[themezhub.net/skillup-live/skillup/404.html]
[themezhub.net/skillup-live/skillup/component.html]
[themezhub.net/skillup-live/skillup/faq.html]
[themezhub.net/skillup-live/skillup/login.html]
[themezhub.net/skillup-live/skillup/signup.html]
[themezhub.net/skillup-live/skillup/forgot.html]
[themezhub.net/skillup-live/skillup/dashboard.html]
[themezhub.net/skillup-live/skillup/assets/img/img-1.png]
[themezhub.net/skillup-live/skillup/assets/img/img-3.png]
[themezhub.net/skillup-live/skillup/assets/img/img-2.png]
[themezhub.net/skillup-live/skillup/assets/img/st-3.png]
[themezhub.net/skillup-live/skillup/assets/img/cr-2.jpg]
[themezhub.net/skillup-live/skillup/assets/img/t-1.png]
[themezhub.net/skillup-live/skillup/assets/img/t-2.png]
[themezhub.net/skillup-live/skillup/assets/img/t-3.png]
[themezhub.net/skillup-live/skillup/assets/img/t-4.png]
[themezhub.net/skillup-live/skillup/assets/img/t-5.png]
[themezhub.net/skillup-live/skillup/assets/img/t-6.png]
[themezhub.net/skillup-live/skillup/blog-detail.html]
[themezhub.net/skillup-live/skillup/assets/img/b-7.png]
[themezhub.net/skillup-live/skillup/assets/img/b-8.png]
[themezhub.net/skillup-live/skillup/assets/img/b-9.png]
[themezhub.net/skillup-live/skillup/assets/img/logo-light.png]
[themezhub.net/skillup-live/skillup/assets/js/jquery.min.js]
[themezhub.net/skillup-live/skillup/assets/js/popper.min.js]
[themezhub.net/skillup-live/skillup/assets/js/bootstrap.min.js]
[themezhub.net/skillup-live/skillup/assets/js/select2.min.js]
[themezhub.net/skillup-live/skillup/assets/js/slick.js]
[themezhub.net/skillup-live/skillup/assets/js/moment.min.js]
[themezhub.net/skillup-live/skillup/assets/js/daterangepicker.js]
[themezhub.net/skillup-live/skillup/assets/js/summernote.min.js]
[themezhub.net/skillup-live/skillup/assets/js/metisMenu.min.js]
[themezhub.net/skillup-live/skillup/home-6.html]
[themezhub.net/skillup-live/skillup/assets/js/custom.js]
[themezhub.net/skillup-live/skillup/assets/css/plugins/animation.css]
[themezhub.net/skillup-live/skillup/assets/css/plugins/bootstrap.min.css]
[themezhub.net/skillup-live/skillup/assets/css/plugins/date-picker.css]
[themezhub.net/skillup-live/skillup/assets/css/plugins/select2.css]
[themezhub.net/skillup-live/skillup/assets/css/plugins/slick.css]
[themezhub.net/skillup-live/skillup/assets/css/plugins/slick-theme.css]
[themezhub.net/skillup-live/skillup/assets/css/plugins/themify.css]
[themezhub.net/skillup-live/skillup/assets/css/plugins/morris.css]
[themezhub.net/skillup-live/skillup/assets/css/plugins/font-awesome.css]
[themezhub.net/skillup-live/skillup/assets/css/plugins/flaticon.css]
[themezhub.net/skillup-live/skillup/assets/css/plugins/summernote.min.css]
[themezhub.net/skillup-live/skillup/assets/img/rate.png]
[themezhub.net/skillup-live/skillup/assets/css/styles.css]
[themezhub.net/skillup-live/skillup/assets/img/banner-1.png]
[themezhub.net/skillup-live/skillup/assets/img/lg-1.png]
[themezhub.net/skillup-live/skillup/assets/img/lg-5.png]
[themezhub.net/skillup-live/skillup/assets/img/lg-6.png]
[themezhub.net/skillup-live/skillup/assets/img/lg-7.png]
[themezhub.net/skillup-live/skillup/assets/img/user-6.jpg]
[themezhub.net/skillup-live/skillup/assets/img/team-5.jpg]
[themezhub.net/skillup-live/skillup/assets/img/user-4.jpg]
[themezhub.net/skillup-live/skillup/assets/img/user-3.jpg]
[themezhub.net/skillup-live/skillup/assets/img/user-2.jpg]
[themezhub.net/skillup-live/skillup/assets/img/cr-6.jpg]
[themezhub.net/skillup-live/skillup/assets/img/user-1.jpg]
[themezhub.net/skillup-live/skillup/assets/img/lmp-2.png]
[themezhub.net/skillup-live/skillup/assets/img/lmp-1.png]
[themezhub.net/skillup-live/skillup/assets/img/c-1.png]
[themezhub.net/skillup-live/skillup/assets/img/c-2.png]
[themezhub.net/skillup-live/skillup/assets/img/c-3.png]
[themezhub.net/skillup-live/skillup/assets/img/c-4.png]
[themezhub.net/skillup-live/skillup/assets/img/user-5.jpg]
[themezhub.net/skillup-live/skillup/assets/img/c-5.png]
[themezhub.net/skillup-live/skillup/assets/img/b-1.png]
[themezhub.net/skillup-live/skillup/assets/img/b-2.png]
[themezhub.net/skillup-live/skillup/assets/img/b-3.png]
[themezhub.net/skillup-live/skillup/index.html]
[themezhub.net/skillup-live/skillup/assets/img/side-1.png]
[themezhub.net/skillup-live/skillup/assets/img/cr-7.jpg]
[themezhub.net/skillup-live/skillup/assets/img/apple.png]
[themezhub.net/skillup-live/skillup/assets/img/google-play.png]
[themezhub.net/skillup-live/skillup/assets/img/app.png]
[themezhub.net/skillup-live/skillup/home-2.html]
[themezhub.net/skillup-live/skillup/assets/img/banner-3.jpg]
[themezhub.net/skillup-live/skillup/assets/img/content.png]
[themezhub.net/skillup-live/skillup/assets/img/briefcase.png]
[themezhub.net/skillup-live/skillup/assets/img/career.png]
[themezhub.net/skillup-live/skillup/assets/img/python.png]
[themezhub.net/skillup-live/skillup/assets/img/designer.png]
[themezhub.net/skillup-live/skillup/assets/img/speaker.png]
[themezhub.net/skillup-live/skillup/assets/img/photo.png]
[themezhub.net/skillup-live/skillup/assets/img/yoga.png]
[themezhub.net/skillup-live/skillup/assets/img/health.png]
[themezhub.net/skillup-live/skillup/assets/img/cr-8.jpg]
[themezhub.net/skillup-live/skillup/assets/img/b-4.png]
[themezhub.net/skillup-live/skillup/assets/img/b-5.png]
[themezhub.net/skillup-live/skillup/assets/img/b-6.png]
[themezhub.net/skillup-live/skillup/home-3.html]
[themezhub.net/skillup-live/skillup/assets/img/side-2.png]
[themezhub.net/skillup-live/skillup/assets/img/side-1.jpg]
[themezhub.net/skillup-live/skillup/assets/img/side-2.jpg]
[themezhub.net/skillup-live/skillup/home-4.html]
[themezhub.net/skillup-live/skillup/assets/img/h-5.png]
[themezhub.net/skillup-live/skillup/assets/img/at-1.png]
[themezhub.net/skillup-live/skillup/assets/img/at-3.png]
[themezhub.net/skillup-live/skillup/assets/img/at-2.png]
[themezhub.net/skillup-live/skillup/assets/img/st-2.png]
[themezhub.net/skillup-live/skillup/assets/img/lg-2.png]
[themezhub.net/skillup-live/skillup/assets/img/lg-3.png]
[themezhub.net/skillup-live/skillup/assets/img/lg-4.png]
[themezhub.net/skillup-live/skillup/assets/img/lg-8.png]
[themezhub.net/skillup-live/skillup/assets/img/lg-9.png]
[themezhub.net/skillup-live/skillup/assets/img/call-bg.png]
[themezhub.net/skillup-live/skillup/home-5.html]
[themezhub.net/skillup-live/skillup/assets/img/light-logo.png]
[themezhub.net/skillup-live/skillup/assets/img/ic-1.png]
[themezhub.net/skillup-live/skillup/assets/img/ic-2.png]
[themezhub.net/skillup-live/skillup/assets/img/ic-3.png]
[themezhub.net/skillup-live/skillup/assets/img/t-8.png]
[themezhub.net/skillup-live/skillup/assets/img/t-7.png]
[themezhub.net/skillup-live/skillup/assets/img/book-1.png]
[themezhub.net/skillup-live/skillup/assets/img/book-2.png]
[themezhub.net/skillup-live/skillup/assets/img/book-3.png]
[themezhub.net/skillup-live/skillup/assets/img/book-4.png]
[themezhub.net/skillup-live/skillup/assets/img/book-5.png]
[themezhub.net/skillup-live/skillup/assets/img/book-6.png]
[themezhub.net/skillup-live/skillup/assets/img/book-7.png]
[themezhub.net/skillup-live/skillup/assets/img/book-8.png]
[themezhub.net/skillup-live/skillup/assets/img/news.png]
[themezhub.net/skillup-live/skillup/home-7.html]
[themezhub.net/skillup-live/skillup/grid-layout-with-sidebar.html]
[themezhub.net/skillup-live/skillup/grid-layout-with-sidebar-2.html]
[themezhub.net/skillup-live/skillup/grid-layout-with-sidebar-3.html]
[themezhub.net/skillup-live/skillup/grid-layout-with-sidebar-4.html]
[themezhub.net/skillup-live/skillup/grid-layout-with-sidebar-5.html]
[themezhub.net/skillup-live/skillup/grid-layout-full.html]
[themezhub.net/skillup-live/skillup/assets/img/cr-9.jpg]
[themezhub.net/skillup-live/skillup/grid-layout-full-2.html]
[themezhub.net/skillup-live/skillup/grid-layout-full-3.html]
[themezhub.net/skillup-live/skillup/list-layout-with-sidebar.html]
[themezhub.net/skillup-live/skillup/list-layout-with-full.html]
[themezhub.net/skillup-live/skillup/course-detail.html]
[themezhub.net/skillup-live/skillup/course-detail-2.html]
[themezhub.net/skillup-live/skillup/course-detail-3.html]
[themezhub.net/skillup-live/skillup/assets/img/team-3.jpg]
[themezhub.net/skillup-live/skillup/course-detail-4.html]
[themezhub.net/skillup-live/skillup/explore-category.html]
[themezhub.net/skillup-live/skillup/find-instructor.html]
[themezhub.net/skillup-live/skillup/instructor-detail.html]
[themezhub.net/skillup-live/skillup/shop-with-sidebar.html]
[themezhub.net/skillup-live/skillup/shop-with-right-sidebar.html]
[themezhub.net/skillup-live/skillup/assets/img/book-12.png]
[themezhub.net/skillup-live/skillup/list-shop-with-sidebar.html]
[themezhub.net/skillup-live/skillup/wishlist.html]
[themezhub.net/skillup-live/skillup/assets/img/paypal.png]
[themezhub.net/skillup-live/skillup/assets/img/strip.png]
[themezhub.net/skillup-live/skillup/assets/img/debit.png]
[themezhub.net/skillup-live/skillup/checkout.html]
[themezhub.net/skillup-live/skillup/assets/img/detail-13.png]
[themezhub.net/skillup-live/skillup/product-detail.html]
[themezhub.net/skillup-live/skillup/about.html]
[themezhub.net/skillup-live/skillup/contact.html]
[themezhub.net/skillup-live/skillup/blogs.html]
[themezhub.net/skillup-live/skillup/pricing.html]
[themezhub.net/skillup-live/skillup/assets/img/404.png]
[themezhub.net/skillup-live/skillup/404.html]
[themezhub.net/skillup-live/skillup/component.html]
[themezhub.net/skillup-live/skillup/faq.html]
[themezhub.net/skillup-live/skillup/assets/img/banner-2.jpg]
[themezhub.net/skillup-live/skillup/login.html]
[themezhub.net/skillup-live/skillup/signup.html]
[themezhub.net/skillup-live/skillup/forgot.html]
[themezhub.net/skillup-live/skillup/my-profile.html]
[themezhub.net/skillup-live/skillup/manage-course.html]
[themezhub.net/skillup-live/skillup/manage-instructor.html]
[themezhub.net/skillup-live/skillup/manage-students.html]
[themezhub.net/skillup-live/skillup/messages.html]
[themezhub.net/skillup-live/skillup/add-new-course.html]
[themezhub.net/skillup-live/skillup/course-category.html]
[themezhub.net/skillup-live/skillup/coupons.html]
[themezhub.net/skillup-live/skillup/enroll-history.html]
[themezhub.net/skillup-live/skillup/enroll-student.html]
[themezhub.net/skillup-live/skillup/admin-revenue.html]
[themezhub.net/skillup-live/skillup/instructor-revenue.html]
[themezhub.net/skillup-live/skillup/manage-admins.html]
[themezhub.net/skillup-live/skillup/add-admin.html]
[themezhub.net/skillup-live/skillup/add-instructor.html]
[themezhub.net/skillup-live/skillup/instructor-payout.html]
[themezhub.net/skillup-live/skillup/add-students.html]
[themezhub.net/skillup-live/skillup/addon-manager.html]
[themezhub.net/skillup-live/skillup/themes.html]
[themezhub.net/skillup-live/skillup/website-settings.html]
[themezhub.net/skillup-live/skillup/system-settings.html]
[themezhub.net/skillup-live/skillup/payment_settings.html]
[themezhub.net/skillup-live/skillup/social-login.html]
[themezhub.net/skillup-live/skillup/smtp-setting.html]
[themezhub.net/skillup-live/skillup/dash-about.html]
[themezhub.net/skillup-live/skillup/assets/img/c-7.png]
[themezhub.net/skillup-live/skillup/assets/img/c-6.png]
[themezhub.net/skillup-live/skillup/assets/js/raphael.min.js]
[themezhub.net/skillup-live/skillup/assets/js/morris.min.js]
[themezhub.net/skillup-live/skillup/assets/js/morris.js]
[themezhub.net/skillup-live/skillup/dashboard.html]
[themezhub.net/skillup-live/skillup/blog-detail.html]
[themezhub.net/skillup-live/skillup/assets/js/jquery.min.js]
[themezhub.net/skillup-live/skillup/assets/js/popper.min.js]
[themezhub.net/skillup-live/skillup/assets/js/bootstrap.min.js]
[themezhub.net/skillup-live/skillup/assets/js/select2.min.js]
[themezhub.net/skillup-live/skillup/assets/js/slick.js]
[themezhub.net/skillup-live/skillup/assets/js/moment.min.js]
[themezhub.net/skillup-live/skillup/assets/js/daterangepicker.js]
[themezhub.net/skillup-live/skillup/assets/js/summernote.min.js]
[themezhub.net/skillup-live/skillup/assets/js/metisMenu.min.js]
[themezhub.net/skillup-live/skillup/assets/js/custom.js]
[themezhub.net/skillup-live/skillup/assets/css/plugins/animation.css]
[themezhub.net/skillup-live/skillup/assets/css/plugins/bootstrap.min.css]
[themezhub.net/skillup-live/skillup/assets/css/plugins/date-picker.css]
[themezhub.net/skillup-live/skillup/assets/css/plugins/select2.css]
[themezhub.net/skillup-live/skillup/assets/css/plugins/slick.css]
[themezhub.net/skillup-live/skillup/assets/css/plugins/ajax-loader.gif]
[themezhub.net/skillup-live/skillup/assets/css/fonts/slick.eot]
[themezhub.net/skillup-live/skillup/assets/css/fonts/slickd41d.eot]
[themezhub.net/skillup-live/skillup/assets/css/fonts/slick.woff]
[themezhub.net/skillup-live/skillup/assets/css/fonts/slick.ttf]
[themezhub.net/skillup-live/skillup/assets/css/plugins/fonts/slick.svg]
[themezhub.net/skillup-live/skillup/assets/css/plugins/slick-theme.css]
[themezhub.net/skillup-live/skillup/assets/css/fonts/themify9f24.eot]
[themezhub.net/skillup-live/skillup/assets/css/fonts/themify9f24.woff]
[themezhub.net/skillup-live/skillup/assets/css/fonts/themifyd41d.eot]
[themezhub.net/skillup-live/skillup/assets/css/fonts/themify9f24.ttf]
[themezhub.net/skillup-live/skillup/assets/css/plugins/themify.css]
[themezhub.net/skillup-live/skillup/assets/css/plugins/morris.css]
[themezhub.net/skillup-live/skillup/assets/css/fonts/fontawesome-webfont3e6e.eot]
[themezhub.net/skillup-live/skillup/assets/css/fonts/themify9f24.svg]
[themezhub.net/skillup-live/skillup/assets/css/fonts/fontawesome-webfontd41d.eot]
[themezhub.net/skillup-live/skillup/assets/css/fonts/fontawesome-webfont3e6e.woff2]
[themezhub.net/skillup-live/skillup/assets/css/fonts/fontawesome-webfont3e6e.woff]
[themezhub.net/skillup-live/skillup/assets/css/fonts/fontawesome-webfont3e6e.ttf]
[themezhub.net/skillup-live/skillup/assets/css/fonts/fontawesome-webfont3e6e.svg]
[themezhub.net/skillup-live/skillup/assets/css/fonts/fa-brands-400.eot]
[themezhub.net/skillup-live/skillup/assets/css/fonts/fa-brands-400d41d.eot]
[themezhub.net/skillup-live/skillup/assets/css/fonts/fa-brands-400.woff2]
[themezhub.net/skillup-live/skillup/assets/css/fonts/fa-brands-400.woff]
[themezhub.net/skillup-live/skillup/assets/css/fonts/fa-brands-400.ttf]
[themezhub.net/skillup-live/skillup/assets/css/fonts/fa-regular-400.eot]
[themezhub.net/skillup-live/skillup/assets/css/fonts/fa-regular-400d41d.eot]
[themezhub.net/skillup-live/skillup/assets/css/fonts/fa-brands-400.svg]
[themezhub.net/skillup-live/skillup/assets/css/fonts/fa-regular-400.woff2]
[themezhub.net/skillup-live/skillup/assets/css/fonts/fa-regular-400.woff]
[themezhub.net/skillup-live/skillup/assets/css/fonts/fa-regular-400.ttf]
[themezhub.net/skillup-live/skillup/assets/css/fonts/fa-regular-400.svg]
[themezhub.net/skillup-live/skillup/assets/css/fonts/fa-solid-900.eot]
[themezhub.net/skillup-live/skillup/assets/css/fonts/fa-solid-900.woff2]
[themezhub.net/skillup-live/skillup/assets/css/fonts/fa-solid-900d41d.eot]
[themezhub.net/skillup-live/skillup/assets/css/fonts/fa-solid-900.woff]
[themezhub.net/skillup-live/skillup/assets/css/fonts/fa-solid-900.ttf]
[themezhub.net/skillup-live/skillup/assets/css/plugins/font-awesome.css]
[themezhub.net/skillup-live/skillup/assets/css/fonts/Flaticon.eot]
[themezhub.net/skillup-live/skillup/assets/css/fonts/fa-solid-900.svg]
[themezhub.net/skillup-live/skillup/assets/css/fonts/Flaticond41d.eot]
[themezhub.net/skillup-live/skillup/assets/css/fonts/Flaticon.woff]
[themezhub.net/skillup-live/skillup/assets/css/fonts/Flaticon.ttf]
[themezhub.net/skillup-live/skillup/assets/css/fonts/Flaticon.svg]
[themezhub.net/skillup-live/skillup/assets/css/fonts/houses.eot]
[themezhub.net/skillup-live/skillup/assets/css/fonts/housesd41d.eot]
[themezhub.net/skillup-live/skillup/assets/css/fonts/houses.woff]
[themezhub.net/skillup-live/skillup/assets/css/fonts/houses.ttf]
[themezhub.net/skillup-live/skillup/assets/css/plugins/flaticon.css]
[themezhub.net/skillup-live/skillup/assets/css/fonts/houses.svg]
[themezhub.net/skillup-live/skillup/assets/css/plugins/font/summernote.eot]
[themezhub.net/skillup-live/skillup/assets/css/plugins/font/summernoted41d.eot]
[themezhub.net/skillup-live/skillup/assets/css/plugins/font/summernote.woff2]
[themezhub.net/skillup-live/skillup/assets/css/plugins/font/summernote.woff]
[themezhub.net/skillup-live/skillup/assets/css/plugins/font/summernote.ttf]
[themezhub.net/skillup-live/skillup/assets/css/plugins/summernote.min.css]
[themezhub.net/skillup-live/skillup/assets/img/paypal.html]
[themezhub.net/skillup-live/skillup/assets/img/strip.html]
[themezhub.net/skillup-live/skillup/assets/img/debit.html]
[themezhub.net/skillup-live/skillup/my-profile.html]
[themezhub.net/skillup-live/skillup/manage-course.html]
[themezhub.net/skillup-live/skillup/assets/img/user-7.jpg]
[themezhub.net/skillup-live/skillup/assets/img/user-8.jpg]
[themezhub.net/skillup-live/skillup/assets/img/user-9.jpg]
[themezhub.net/skillup-live/skillup/manage-instructor.html]
[themezhub.net/skillup-live/skillup/manage-students.html]
[themezhub.net/skillup-live/skillup/messages.html]
[themezhub.net/skillup-live/skillup/add-new-course.html]
[themezhub.net/skillup-live/skillup/course-category.html]
[themezhub.net/skillup-live/skillup/coupons.html]
[themezhub.net/skillup-live/skillup/enroll-history.html]
[themezhub.net/skillup-live/skillup/enroll-student.html]
[themezhub.net/skillup-live/skillup/admin-revenue.html]
[themezhub.net/skillup-live/skillup/instructor-revenue.html]
[themezhub.net/skillup-live/skillup/manage-admins.html]
[themezhub.net/skillup-live/skillup/add-admin.html]
[themezhub.net/skillup-live/skillup/add-instructor.html]
[themezhub.net/skillup-live/skillup/instructor-payout.html]
[themezhub.net/skillup-live/skillup/add-students.html]
[themezhub.net/skillup-live/skillup/addon-manager.html]
[themezhub.net/skillup-live/skillup/assets/img/01_preview.jpg]
[themezhub.net/skillup-live/skillup/themes.html]
[themezhub.net/skillup-live/skillup/website-settings.html]
[themezhub.net/skillup-live/skillup/system-settings.html]
[themezhub.net/skillup-live/skillup/payment_settings.html]
[themezhub.net/skillup-live/skillup/social-login.html]
[themezhub.net/skillup-live/skillup/smtp-setting.html]
[themezhub.net/skillup-live/skillup/dash-about.html]
[themezhub.net/skillup-live/skillup/assets/js/raphael.min.js]
[themezhub.net/skillup-live/skillup/assets/js/morris.min.js]
[themezhub.net/skillup-live/skillup/assets/js/morris.js]
[themezhub.net/skillup-live/skillup/assets/css/plugins/fonts/slick.html]
[themezhub.net/skillup-live/skillup/assets/css/fonts/themify9f24.svg]
[themezhub.net/skillup-live/skillup/assets/css/fonts/fontawesome-webfont3e6e.svg]
[themezhub.net/skillup-live/skillup/assets/css/fonts/fa-brands-400.svg]
[themezhub.net/skillup-live/skillup/assets/css/fonts/fa-regular-400.svg]
[themezhub.net/skillup-live/skillup/assets/css/fonts/fa-solid-900.svg]
[themezhub.net/skillup-live/skillup/assets/css/fonts/Flaticon.svg]
[themezhub.net/skillup-live/skillup/assets/css/fonts/houses.svg]
